// Vitest Snapshot v1, https://vitest.dev/guide/snapshot.html

exports[`スナップショットと一致する 1`] = `
<div>
  <form>
    <div
      class="flex flex-col gap-y-2 mb-3 w-3/5 lg:w-2/5 xl:w-1/4"
    >
      <div
        class="flex flex-col gap-y-0.5"
      >
        <label
          for="email"
        >
          メールアドレス
        </label>
        <input
          class="rounded-md border-2 border-gray-300 outline-none text-gray-900 p-1.5 focus:border-indigo-600"
          id="email"
          name="email"
          type="email"
        />
      </div>
      <div
        class="flex flex-col gap-y-0.5"
      >
        <label
          for="password"
        >
          パスワード
        </label>
        <input
          class="rounded-md border-2 border-gray-300 outline-none text-gray-900 p-1.5 focus:border-indigo-600"
          id="password"
          name="password"
          type="password"
        />
      </div>
    </div>
    <input
      class="cursor-pointer text-white bg-blue-700 hover:bg-blue-800 rounded-lg text-sm px-5 py-2.5 focus:outline-none"
      type="submit"
      value="ログイン"
    />
  </form>
</div>
`;
